{
    "modules": [],
    "packages": [
        {
            "Path": "github.com/onsi/ginkgo/v2/internal",
            "Module": "github.com/onsi/ginkgo/v2",
            "Tags": [
                "linux",
                "openbsd",
                "freebsd",
                "netbsd",
                "darwin",
                "solaris",
                "dragonfly"
            ],
            "Files": [
                {
                    "Name": "output_interceptor_unix.go",
                    "Build": true
                }
            ]
        }
    ]
}