{
    "modules": [],
    "packages": [
            {
                    "Path": "github.com/go-git/go-git/v5",
                    "Module": "github.com/go-git/go-git/v5",
                    "Tags": [
                            "linux"
                    ],
                    "Files": [
                            {
                                    "Name": "worktree_linux.go",
                                    "Build": true
                            }
                    ]
            }
    ]
}