{
    "modules": [],
    "packages": [
        {
            "Path": "github.com/syndtr/goleveldb/leveldb/storage",
            "Module": "github.com/syndtr/goleveldb",
            "Tags": [
                "linux",
                "openbsd",
                "freebsd",
                "netbsd",
                "darwin",
                "dragonfly"
            ],
            "Files": [
                {
                    "Name": "file_storage_unix.go",
                    "Build": true
                }
            ]
        }
    ]
}