{
    "modules": [],
    "packages": [
            {
                    "Path": "github.com/bgentry/speakeasy",
                    "Module": "github.com/bgentry/speakeasy",
                    "Tags": [
                            "linux",
                            "openbsd",
                            "freebsd",
                            "netbsd",
                            "darwin",
                            "solaris",
                            "dragonfly"
                    ],
                    "Files": [
                            {
                                    "Name": "speakeasy_unix.go",
                                    "Build": true
                            }
                    ]
            }
    ]
}